// Jest Snapshot v1, https://goo.gl/fbAQLP

exports[`getTeams returns parse gamestate 1`] = `
Object {
  "leftPlayers": Array [
    Object {
      "matchStats": Object {
        "assists": 3,
        "deaths": 19,
        "kills": 22,
        "mvps": 3,
        "score": 52,
      },
      "name": "allu",
      "observerSlot": 1,
      "state": Object {
        "armor": 100,
        "burning": 0,
        "defusekit": false,
        "equipmentValue": 6850,
        "flashed": 0,
        "health": 100,
        "helmet": true,
        "money": 500,
        "roundHeadshotsKills": 0,
        "roundKills": 3,
        "roundTotalDamage": 222,
      },
      "team": "T",
      "weapons": Object {
        "bomb": false,
        "grenades": Array [
          "weapon_molotov",
        ],
        "knife": "weapon_bayonet",
        "primary": "weapon_awp",
        "secondary": "weapon_glock",
      },
    },
    Object {
      "matchStats": Object {
        "assists": 6,
        "deaths": 23,
        "kills": 16,
        "mvps": 1,
        "score": 43,
      },
      "name": "sergej",
      "observerSlot": 2,
      "state": Object {
        "armor": 0,
        "burning": 0,
        "defusekit": false,
        "equipmentValue": 5000,
        "flashed": 0,
        "health": 0,
        "helmet": false,
        "money": 1550,
        "roundHeadshotsKills": 0,
        "roundKills": 0,
        "roundTotalDamage": 0,
      },
      "team": "T",
      "weapons": Object {
        "bomb": false,
        "grenades": Array [],
        "knife": undefined,
        "primary": undefined,
        "secondary": undefined,
      },
    },
    Object {
      "matchStats": Object {
        "assists": 3,
        "deaths": 21,
        "kills": 17,
        "mvps": 1,
        "score": 46,
      },
      "name": "Aleksib",
      "observerSlot": 3,
      "state": Object {
        "armor": 0,
        "burning": 0,
        "defusekit": false,
        "equipmentValue": 5000,
        "flashed": 0,
        "health": 0,
        "helmet": false,
        "money": 500,
        "roundHeadshotsKills": 0,
        "roundKills": 0,
        "roundTotalDamage": 0,
      },
      "team": "T",
      "weapons": Object {
        "bomb": false,
        "grenades": Array [],
        "knife": undefined,
        "primary": undefined,
        "secondary": undefined,
      },
    },
    Object {
      "matchStats": Object {
        "assists": 0,
        "deaths": 19,
        "kills": 18,
        "mvps": 3,
        "score": 45,
      },
      "name": "Aerial",
      "observerSlot": 4,
      "state": Object {
        "armor": 0,
        "burning": 0,
        "defusekit": false,
        "equipmentValue": 5000,
        "flashed": 0,
        "health": 0,
        "helmet": false,
        "money": 350,
        "roundHeadshotsKills": 0,
        "roundKills": 0,
        "roundTotalDamage": 0,
      },
      "team": "T",
      "weapons": Object {
        "bomb": false,
        "grenades": Array [],
        "knife": undefined,
        "primary": undefined,
        "secondary": undefined,
      },
    },
    Object {
      "matchStats": Object {
        "assists": 6,
        "deaths": 17,
        "kills": 21,
        "mvps": 7,
        "score": 71,
      },
      "name": "xseveN",
      "observerSlot": 5,
      "state": Object {
        "armor": 0,
        "burning": 0,
        "defusekit": false,
        "equipmentValue": 5000,
        "flashed": 0,
        "health": 0,
        "helmet": false,
        "money": 1250,
        "roundHeadshotsKills": 1,
        "roundKills": 1,
        "roundTotalDamage": 178,
      },
      "team": "T",
      "weapons": Object {
        "bomb": false,
        "grenades": Array [],
        "knife": undefined,
        "primary": undefined,
        "secondary": undefined,
      },
    },
  ],
  "leftTeam": Object {
    "consecutive_round_losses": 0,
    "flag": "FI",
    "matches_won_this_series": 0,
    "name": "ENCE",
    "score": 15,
    "team": "T",
    "timeouts_remaining": 1,
  },
  "rightPlayers": Array [
    Object {
      "matchStats": Object {
        "assists": 2,
        "deaths": 17,
        "kills": 21,
        "mvps": 3,
        "score": 55,
      },
      "name": "Jame",
      "observerSlot": 6,
      "state": Object {
        "armor": 0,
        "burning": 0,
        "defusekit": false,
        "equipmentValue": 7950,
        "flashed": 0,
        "health": 0,
        "helmet": false,
        "money": 2150,
        "roundHeadshotsKills": 0,
        "roundKills": 1,
        "roundTotalDamage": 100,
      },
      "team": "CT",
      "weapons": Object {
        "bomb": false,
        "grenades": Array [],
        "knife": undefined,
        "primary": undefined,
        "secondary": undefined,
      },
    },
    Object {
      "matchStats": Object {
        "assists": 5,
        "deaths": 19,
        "kills": 19,
        "mvps": 3,
        "score": 52,
      },
      "name": "buster",
      "observerSlot": 7,
      "state": Object {
        "armor": 100,
        "burning": 0,
        "defusekit": true,
        "equipmentValue": 7750,
        "flashed": 0,
        "health": 100,
        "helmet": true,
        "money": 6250,
        "roundHeadshotsKills": 0,
        "roundKills": 1,
        "roundTotalDamage": 100,
      },
      "team": "CT",
      "weapons": Object {
        "bomb": false,
        "grenades": Array [
          "weapon_hegrenade",
        ],
        "knife": "weapon_knife_m9_bayonet",
        "primary": "weapon_awp",
        "secondary": "weapon_usp_silencer",
      },
    },
    Object {
      "matchStats": Object {
        "assists": 5,
        "deaths": 20,
        "kills": 16,
        "mvps": 3,
        "score": 44,
      },
      "name": "KrizzeN",
      "observerSlot": 8,
      "state": Object {
        "armor": 0,
        "burning": 0,
        "defusekit": false,
        "equipmentValue": 6150,
        "flashed": 0,
        "health": 0,
        "helmet": false,
        "money": 3400,
        "roundHeadshotsKills": 1,
        "roundKills": 2,
        "roundTotalDamage": 200,
      },
      "team": "CT",
      "weapons": Object {
        "bomb": false,
        "grenades": Array [],
        "knife": undefined,
        "primary": undefined,
        "secondary": undefined,
      },
    },
    Object {
      "matchStats": Object {
        "assists": 5,
        "deaths": 19,
        "kills": 20,
        "mvps": 3,
        "score": 56,
      },
      "name": "fitch",
      "observerSlot": 9,
      "state": Object {
        "armor": 0,
        "burning": 0,
        "defusekit": false,
        "equipmentValue": 6150,
        "flashed": 0,
        "health": 0,
        "helmet": false,
        "money": 2800,
        "roundHeadshotsKills": 0,
        "roundKills": 0,
        "roundTotalDamage": 0,
      },
      "team": "CT",
      "weapons": Object {
        "bomb": false,
        "grenades": Array [],
        "knife": undefined,
        "primary": undefined,
        "secondary": undefined,
      },
    },
    Object {
      "matchStats": Object {
        "assists": 1,
        "deaths": 19,
        "kills": 23,
        "mvps": 0,
        "score": 53,
      },
      "name": "qikert",
      "observerSlot": 0,
      "state": Object {
        "armor": 0,
        "burning": 0,
        "defusekit": false,
        "equipmentValue": 5300,
        "flashed": 0,
        "health": 0,
        "helmet": false,
        "money": 7250,
        "roundHeadshotsKills": 0,
        "roundKills": 0,
        "roundTotalDamage": 0,
      },
      "team": "CT",
      "weapons": Object {
        "bomb": false,
        "grenades": Array [],
        "knife": undefined,
        "primary": undefined,
        "secondary": undefined,
      },
    },
  ],
  "rightTeam": Object {
    "consecutive_round_losses": 0,
    "flag": "KZ",
    "matches_won_this_series": 0,
    "name": "Avangar",
    "score": 12,
    "team": "CT",
    "timeouts_remaining": 3,
  },
}
`;
